// Jest Snapshot v1, https://goo.gl/fbAQLP

exports[`ShadowRoot creates a custom element 1`] = `<lightning-test />`;

exports[`ShadowRoot renders with no shadow boundary via config 1`] = `
<div>
  content
</div>
`;

exports[`ShadowRoot renders with no shadow boundary via prop 1`] = `
<div>
  content
</div>
`;
